// Jest Snapshot v1, https://goo.gl/fbAQLP

exports[`<Sroll /> Will render the component 1`] = `
ShallowWrapper {
  "length": 1,
  Symbol(enzyme.__root__): [Circular],
  Symbol(enzyme.__unrendered__): <Scroll />,
  Symbol(enzyme.__renderer__): Object {
    "batchedUpdates": [Function],
    "getNode": [Function],
    "render": [Function],
    "simulateEvent": [Function],
    "unmount": [Function],
  },
  Symbol(enzyme.__node__): Object {
    "instance": null,
    "key": undefined,
    "nodeType": "host",
    "props": Object {
      "children": undefined,
      "style": Object {
        "border": "1px solid black",
        "height": "800px",
        "overflow": "scroll",
      },
    },
    "ref": null,
    "rendered": null,
    "type": "div",
  },
  Symbol(enzyme.__nodes__): Array [
    Object {
      "instance": null,
      "key": undefined,
      "nodeType": "host",
      "props": Object {
        "children": undefined,
        "style": Object {
          "border": "1px solid black",
          "height": "800px",
          "overflow": "scroll",
        },
      },
      "ref": null,
      "rendered": null,
      "type": "div",
    },
  ],
  Symbol(enzyme.__options__): Object {
    "adapter": ReactSixteenAdapter {
      "options": Object {
        "enableComponentDidUpdateOnSetState": true,
      },
    },
  },
}
`;
